[    0.000000] Initializing cgroup subsys cpuset
[    0.000000] Initializing cgroup subsys cpu
[    0.000000] Initializing cgroup subsys cpuacct
[    0.000000] Linux version 4.4.0-143-generic (buildd@lgw01-amd64-041) (gcc version 5.4.0 20160609 (Ubuntu 5.4.0-6ubuntu1~16.04.10) ) #169-Ubuntu SMP Thu Feb 7 07:56:38 UTC 2019 (Ubuntu 4.4.0-143.169-generic 4.4.170)
[    0.000000] Command line: BOOT_IMAGE=/boot/vmlinuz-4.4.0-143-generic root=LABEL=cloudimg-rootfs ro console=tty1 console=ttyS0
[    0.000000] KERNEL supported cpus:
[    0.000000]   Intel GenuineIntel
[    0.000000]   AMD AuthenticAMD
[    0.000000]   Centaur CentaurHauls
[    0.000000] x86/fpu: xstate_offset[2]:  576, xstate_sizes[2]:  256
[    0.000000] x86/fpu: Supporting XSAVE feature 0x01: 'x87 floating point registers'
[    0.000000] x86/fpu: Supporting XSAVE feature 0x02: 'SSE registers'
[    0.000000] x86/fpu: Supporting XSAVE feature 0x04: 'AVX registers'
[    0.000000] x86/fpu: Enabled xstate features 0x7, context size is 832 bytes, using 'standard' format.
[    0.000000] e820: BIOS-provided physical RAM map:
[    0.000000] BIOS-e820: [mem 0x0000000000000000-0x000000000009fbff] usable
[    0.000000] BIOS-e820: [mem 0x000000000009fc00-0x000000000009ffff] reserved
[    0.000000] BIOS-e820: [mem 0x00000000000f0000-0x00000000000fffff] reserved
[    0.000000] BIOS-e820: [mem 0x0000000000100000-0x000000007ffeffff] usable
[    0.000000] BIOS-e820: [mem 0x000000007fff0000-0x000000007fffffff] ACPI data
[    0.000000] BIOS-e820: [mem 0x00000000fec00000-0x00000000fec00fff] reserved
[    0.000000] BIOS-e820: [mem 0x00000000fee00000-0x00000000fee00fff] reserved
[    0.000000] BIOS-e820: [mem 0x00000000fffc0000-0x00000000ffffffff] reserved
[    0.000000] NX (Execute Disable) protection: active
[    0.000000] SMBIOS 2.5 present.
[    0.000000] Hypervisor detected: KVM
[    0.000000] e820: last_pfn = 0x7fff0 max_arch_pfn = 0x400000000
[    0.000000] MTRR: Disabled
[    0.000000] x86/PAT: MTRRs disabled, skipping PAT initialization too.
[    0.000000] CPU MTRRs all blank - virtualized system.
[    0.000000] x86/PAT: Configuration [0-7]: WB  WT  UC- UC  WB  WT  UC- UC  
[    0.000000] found SMP MP-table at [mem 0x0009fff0-0x0009ffff] mapped at [ffff88000009fff0]
[    0.000000] Scanning 1 areas for low memory corruption
[    0.000000] RAMDISK: [mem 0x362fa000-0x37174fff]
[    0.000000] ACPI: Early table checksum verification disabled
[    0.000000] ACPI: RSDP 0x00000000000E0000 000024 (v02 VBOX  )
[    0.000000] ACPI: XSDT 0x000000007FFF0030 00003C (v01 VBOX   VBOXXSDT 00000001 ASL  00000061)
[    0.000000] ACPI: FACP 0x000000007FFF00F0 0000F4 (v04 VBOX   VBOXFACP 00000001 ASL  00000061)
[    0.000000] ACPI: DSDT 0x000000007FFF0470 0022EA (v02 VBOX   VBOXBIOS 00000002 INTL 20180105)
[    0.000000] ACPI: FACS 0x000000007FFF0200 000040
[    0.000000] ACPI: FACS 0x000000007FFF0200 000040
[    0.000000] ACPI: APIC 0x000000007FFF0240 00005C (v02 VBOX   VBOXAPIC 00000001 ASL  00000061)
[    0.000000] ACPI: SSDT 0x000000007FFF02A0 0001CC (v01 VBOX   VBOXCPUT 00000002 INTL 20180105)
[    0.000000] No NUMA configuration found
[    0.000000] Faking a node at [mem 0x0000000000000000-0x000000007ffeffff]
[    0.000000] NODE_DATA(0) allocated [mem 0x7ffeb000-0x7ffeffff]
[    0.000000] kvm-clock: Using msrs 4b564d01 and 4b564d00
[    0.000000] kvm-clock: cpu 0, msr 0:7ffe3001, primary cpu clock
[    0.000000] kvm-clock: using sched offset of 3219095445 cycles
[    0.000000] clocksource: kvm-clock: mask: 0xffffffffffffffff max_cycles: 0x1cd42e4dffb, max_idle_ns: 881590591483 ns
[    0.000000] Zone ranges:
[    0.000000]   DMA      [mem 0x0000000000001000-0x0000000000ffffff]
[    0.000000]   DMA32    [mem 0x0000000001000000-0x000000007ffeffff]
[    0.000000]   Normal   empty
[    0.000000]   Device   empty
[    0.000000] Movable zone start for each node
[    0.000000] Early memory node ranges
[    0.000000]   node   0: [mem 0x0000000000001000-0x000000000009efff]
[    0.000000]   node   0: [mem 0x0000000000100000-0x000000007ffeffff]
[    0.000000] Initmem setup node 0 [mem 0x0000000000001000-0x000000007ffeffff]
[    0.000000] ACPI: PM-Timer IO Port: 0x4008
[    0.000000] IOAPIC[0]: apic_id 2, version 32, address 0xfec00000, GSI 0-23
[    0.000000] ACPI: INT_SRC_OVR (bus 0 bus_irq 0 global_irq 2 dfl dfl)
[    0.000000] ACPI: INT_SRC_OVR (bus 0 bus_irq 9 global_irq 9 low level)
[    0.000000] Using ACPI (MADT) for SMP configuration information
[    0.000000] smpboot: Allowing 2 CPUs, 0 hotplug CPUs
[    0.000000] PM: Registered nosave memory: [mem 0x00000000-0x00000fff]
[    0.000000] PM: Registered nosave memory: [mem 0x0009f000-0x0009ffff]
[    0.000000] PM: Registered nosave memory: [mem 0x000a0000-0x000effff]
[    0.000000] PM: Registered nosave memory: [mem 0x000f0000-0x000fffff]
[    0.000000] e820: [mem 0x80000000-0xfebfffff] available for PCI devices
[    0.000000] Booting paravirtualized kernel on KVM
[    0.000000] clocksource: refined-jiffies: mask: 0xffffffff max_cycles: 0xffffffff, max_idle_ns: 7645519600211568 ns
[    0.000000] setup_percpu: NR_CPUS:512 nr_cpumask_bits:512 nr_cpu_ids:2 nr_node_ids:1
[    0.000000] PERCPU: Embedded 34 pages/cpu @ffff88007fc00000 s99480 r8192 d31592 u1048576
[    0.000000] Built 1 zonelists in Node order, mobility grouping on.  Total pages: 515960
[    0.000000] Policy zone: DMA32
[    0.000000] Kernel command line: BOOT_IMAGE=/boot/vmlinuz-4.4.0-143-generic root=LABEL=cloudimg-rootfs ro console=tty1 console=ttyS0
[    0.000000] PID hash table entries: 4096 (order: 3, 32768 bytes)
[    0.000000] Memory: 2029896K/2096696K available (8608K kernel code, 1332K rwdata, 4008K rodata, 1484K init, 1316K bss, 66800K reserved, 0K cma-reserved)
[    0.000000] SLUB: HWalign=64, Order=0-3, MinObjects=0, CPUs=2, Nodes=1
[    0.000000] Kernel/User page tables isolation: enabled
[    0.000000] Hierarchical RCU implementation.
[    0.000000] 	Build-time adjustment of leaf fanout to 64.
[    0.000000] 	RCU restricting CPUs from NR_CPUS=512 to nr_cpu_ids=2.
[    0.000000] RCU: Adjusting geometry for rcu_fanout_leaf=64, nr_cpu_ids=2
[    0.000000] NR_IRQS:33024 nr_irqs:440 16
[    0.000000] Console: colour VGA+ 80x25
[    0.000000] console [tty1] enabled
[    0.000000] console [ttyS0] enabled
[    0.000000] tsc: Detected 2207.998 MHz processor
[    0.164688] Calibrating delay loop (skipped) preset value.. 4415.99 BogoMIPS (lpj=8831992)
[    0.166319] pid_max: default: 32768 minimum: 301
[    0.167763] ACPI: Core revision 20150930
[    0.169876] ACPI: 2 ACPI AML tables successfully acquired and loaded
[    0.171096] Security Framework initialized
[    0.171886] Yama: becoming mindful.
[    0.176853] AppArmor: AppArmor initialized
[    0.178195] Dentry cache hash table entries: 262144 (order: 9, 2097152 bytes)
[    0.179844] Inode-cache hash table entries: 131072 (order: 8, 1048576 bytes)
[    0.181734] Mount-cache hash table entries: 4096 (order: 3, 32768 bytes)
[    0.182890] Mountpoint-cache hash table entries: 4096 (order: 3, 32768 bytes)
[    0.185535] Initializing cgroup subsys io
[    0.186335] Initializing cgroup subsys memory
[    0.187181] Initializing cgroup subsys devices
[    0.188079] Initializing cgroup subsys freezer
[    0.189208] Initializing cgroup subsys net_cls
[    0.190058] Initializing cgroup subsys perf_event
[    0.190944] Initializing cgroup subsys net_prio
[    0.191839] Initializing cgroup subsys hugetlb
[    0.192698] Initializing cgroup subsys pids
[    0.194631] mce: CPU supports 0 MCE banks
[    0.195454] Last level iTLB entries: 4KB 64, 2MB 8, 4MB 8
[    0.196526] Last level dTLB entries: 4KB 64, 2MB 0, 4MB 0, 1GB 4
[    0.198609] Spectre V2 : Mitigation: Full generic retpoline
[    0.199608] Spectre V2 : Spectre v2 / SpectreRSB mitigation: Filling RSB on context switch
[    0.202510] Speculative Store Bypass: Vulnerable
[    0.206541] Freeing SMP alternatives memory: 32K
[    0.214138] ftrace: allocating 32278 entries in 127 pages
[    0.288833] smpboot: APIC(0) Converting physical 0 to logical package 0
[    0.290678] smpboot: Max logical packages: 1
[    0.291499] x2apic enabled
[    0.292208] Switched APIC routing to physical x2apic.
[    0.293980] ..TIMER: vector=0x30 apic1=0 pin1=2 apic2=-1 pin2=-1
[    0.407759] APIC calibration not consistent with PM-Timer: 108ms instead of 100ms
[    0.409238] APIC delta adjusted to PM-Timer: 6249954 (6750766)
[    0.410304] smpboot: CPU0: Intel(R) Core(TM) i5-7260U CPU @ 2.20GHz (family: 0x6, model: 0x8e, stepping: 0x9)
[    0.412262] Performance Events: unsupported p6 CPU model 142 no PMU driver, software events only.
[    0.427991] KVM setup paravirtual spinlock
[    0.429645] x86: Booting SMP configuration:
[    0.430334] .... node  #0, CPUs:      #1
[    0.431059] kvm-clock: cpu 1, msr 0:7ffe3041, secondary cpu clock
[    0.432830] mce: CPU supports 0 MCE banks
[    0.437399] x86: Booted up 1 node, 2 CPUs
[    0.438190] smpboot: Total of 2 processors activated (8831.99 BogoMIPS)
[    0.439337] devtmpfs: initialized
[    0.441430] evm: security.selinux
[    0.442170] evm: security.SMACK64
[    0.442881] evm: security.SMACK64EXEC
[    0.443636] evm: security.SMACK64TRANSMUTE
[    0.444455] evm: security.SMACK64MMAP
[    0.445206] evm: security.ima
[    0.445909] evm: security.capability
[    0.446846] clocksource: jiffies: mask: 0xffffffff max_cycles: 0xffffffff, max_idle_ns: 7645041785100000 ns
[    0.448630] futex hash table entries: 512 (order: 3, 32768 bytes)
[    0.449817] pinctrl core: initialized pinctrl subsystem
[    0.451187] RTC time:  9:59:13, date: 12/13/19
[    0.452232] NET: Registered protocol family 16
[    0.469928] cpuidle: using governor ladder
[    0.482200] cpuidle: using governor menu
[    0.483018] PCCT header not found.
[    0.484013] ACPI: bus type PCI registered
[    0.484921] acpiphp: ACPI Hot Plug PCI Controller Driver version: 0.5
[    0.485957] PCI: Using configuration type 1 for base access
[    0.499348] ACPI: Added _OSI(Module Device)
[    0.500160] ACPI: Added _OSI(Processor Device)
[    0.501297] ACPI: Added _OSI(3.0 _SCP Extensions)
[    0.502208] ACPI: Added _OSI(Processor Aggregator Device)
[    0.503938] ACPI: Executed 1 blocks of module-level executable AML code
[    0.507694] ACPI: Interpreter enabled
[    0.516768] ACPI: (supports S0 S5)
[    0.517612] ACPI: Using IOAPIC for interrupt routing
[    0.518815] PCI: Using host bridge windows from ACPI; if necessary, use "pci=nocrs" and report a bug
[    0.532921] ACPI: PCI Root Bridge [PCI0] (domain 0000 [bus 00-ff])
[    0.534807] acpi PNP0A03:00: _OSC: OS supports [ASPM ClockPM Segments MSI]
[    0.536384] acpi PNP0A03:00: _OSC: not requesting OS control; OS requires [ExtendedConfig ASPM ClockPM MSI]
[    0.538169] acpi PNP0A03:00: fail to add MMCONFIG information, can't access extended PCI configuration space under this bridge.
[    0.546670] PCI host bridge to bus 0000:00
[    0.547489] pci_bus 0000:00: root bus resource [io  0x0000-0x0cf7 window]
[    0.549438] pci_bus 0000:00: root bus resource [io  0x0d00-0xffff window]
[    0.555032] pci_bus 0000:00: root bus resource [mem 0x000a0000-0x000bffff window]
[    0.556517] pci_bus 0000:00: root bus resource [mem 0x80000000-0xfdffffff window]
[    0.557703] pci_bus 0000:00: root bus resource [bus 00-ff]
[    0.559703] pci 0000:00:01.1: legacy IDE quirk: reg 0x10: [io  0x01f0-0x01f7]
[    0.560703] pci 0000:00:01.1: legacy IDE quirk: reg 0x14: [io  0x03f6]
[    0.561622] pci 0000:00:01.1: legacy IDE quirk: reg 0x18: [io  0x0170-0x0177]
[    0.562620] pci 0000:00:01.1: legacy IDE quirk: reg 0x1c: [io  0x0376]
[    0.593658] pci 0000:00:07.0: quirk: [io  0x4000-0x403f] claimed by PIIX4 ACPI
[    0.596252] pci 0000:00:07.0: quirk: [io  0x4100-0x410f] claimed by PIIX4 SMB
[    0.611287] ACPI: PCI Interrupt Link [LNKA] (IRQs 5 9 10 *11)
[    0.613777] ACPI: PCI Interrupt Link [LNKB] (IRQs 5 9 *10 11)
[    0.616161] ACPI: PCI Interrupt Link [LNKC] (IRQs 5 *9 10 11)
[    0.618911] ACPI: PCI Interrupt Link [LNKD] (IRQs 5 9 10 *11)
[    0.621284] ACPI: Enabled 2 GPEs in block 00 to 07
[    0.624876] vgaarb: setting as boot device: PCI:0000:00:02.0
[    0.625746] vgaarb: device added: PCI:0000:00:02.0,decodes=io+mem,owns=io+mem,locks=none
[    0.627105] vgaarb: loaded
[    0.627619] vgaarb: bridge control possible 0000:00:02.0
[    0.628628] SCSI subsystem initialized
[    0.629345] ACPI: bus type USB registered
[    0.630020] usbcore: registered new interface driver usbfs
[    0.630851] usbcore: registered new interface driver hub
[    0.631653] usbcore: registered new device driver usb
[    0.632657] PCI: Using ACPI for IRQ routing
[    0.633844] NetLabel: Initializing
[    0.636490] NetLabel:  domain hash size = 128
[    0.637115] NetLabel:  protocols = UNLABELED CIPSOv4
[    0.637816] NetLabel:  unlabeled traffic allowed by default
[    0.638704] amd_nb: Cannot enumerate AMD northbridges
[    0.639681] clocksource: Switched to clocksource kvm-clock
[    0.645954] AppArmor: AppArmor Filesystem Enabled
[    0.646780] pnp: PnP ACPI init
[    0.649170] pnp: PnP ACPI: found 3 devices
[    0.659902] clocksource: acpi_pm: mask: 0xffffff max_cycles: 0xffffff, max_idle_ns: 2085701024 ns
[    0.661626] NET: Registered protocol family 2
[    0.662654] TCP established hash table entries: 16384 (order: 5, 131072 bytes)
[    0.664155] TCP bind hash table entries: 16384 (order: 6, 262144 bytes)
[    0.665319] TCP: Hash tables configured (established 16384 bind 16384)
[    0.666454] UDP hash table entries: 1024 (order: 3, 32768 bytes)
[    0.667822] UDP-Lite hash table entries: 1024 (order: 3, 32768 bytes)
[    0.668994] NET: Registered protocol family 1
[    0.669854] pci 0000:00:00.0: Limiting direct PCI/PCI transfers
[    0.670914] pci 0000:00:01.0: Activating ISA DMA hang workarounds
[    0.672259] Unpacking initramfs...
[    0.925835] Freeing initrd memory: 14828K
[    0.926885] platform rtc_cmos: registered platform RTC device (no PNP device found)
[    0.928449] Scanning for low memory corruption every 60 seconds
[    0.929934] audit: initializing netlink subsys (disabled)
[    0.931634] audit: type=2000 audit(1576231158.588:1): initialized
[    0.933897] Initialise system trusted keyring
[    0.935546] HugeTLB registered 2 MB page size, pre-allocated 0 pages
[    0.939175] zbud: loaded
[    0.940608] VFS: Disk quotas dquot_6.6.0
[    0.941992] VFS: Dquot-cache hash table entries: 512 (order 0, 4096 bytes)
[    0.944444] squashfs: version 4.0 (2009/01/31) Phillip Lougher
[    0.946652] fuse init (API version 7.23)
[    0.948144] Key type big_key registered
[    0.949520] Allocating IMA MOK and blacklist keyrings.
[    0.958408] Key type asymmetric registered
[    0.959371] Asymmetric key parser 'x509' registered
[    0.960192] Block layer SCSI generic (bsg) driver version 0.4 loaded (major 249)
[    0.961306] io scheduler noop registered
[    0.961890] io scheduler deadline registered (default)
[    0.962609] io scheduler cfq registered
[    0.963263] pci_hotplug: PCI Hot Plug PCI Core version: 0.5
[    0.964008] pciehp: PCI Express Hot Plug Controller Driver version: 0.4
[    0.964987] ACPI: AC Adapter [AC] (on-line)
[    0.965640] input: Power Button as /devices/LNXSYSTM:00/LNXPWRBN:00/input/input0
[    0.966773] ACPI: Power Button [PWRF]
[    0.968058] input: Sleep Button as /devices/LNXSYSTM:00/LNXSLPBN:00/input/input1
[    0.969560] ACPI: Sleep Button [SLPF]
[    0.970540] GHES: HEST is not enabled!
[    0.971431] Serial: 8250/16550 driver, 32 ports, IRQ sharing enabled
[    0.993147] 00:02: ttyS0 at I/O 0x3f8 (irq = 4, base_baud = 115200) is a 16550A
[    1.001324] Linux agpgart interface v0.103
[    1.004204] loop: module loaded
[    1.005506] scsi host0: ata_piix
[    1.006336] scsi host1: ata_piix
[    1.007459] ata1: PATA max UDMA/33 cmd 0x1f0 ctl 0x3f6 bmdma 0xd000 irq 14
[    1.009651] ata2: PATA max UDMA/33 cmd 0x170 ctl 0x376 bmdma 0xd008 irq 15
[    1.011974] libphy: Fixed MDIO Bus: probed
[    1.013603] tun: Universal TUN/TAP device driver, 1.6
[    1.015234] tun: (C) 1999-2004 Max Krasnyansky <maxk@qualcomm.com>
[    1.017382] PPP generic driver version 2.4.2
[    1.019083] ehci_hcd: USB 2.0 'Enhanced' Host Controller (EHCI) Driver
[    1.021211] ehci-pci: EHCI PCI platform driver
[    1.022707] ehci-platform: EHCI generic platform driver
[    1.024427] ohci_hcd: USB 1.1 'Open' Host Controller (OHCI) Driver
[    1.026399] ohci-pci: OHCI PCI platform driver
[    1.027192] ohci-platform: OHCI generic platform driver
[    1.028015] uhci_hcd: USB Universal Host Controller Interface driver
[    1.029041] i8042: PNP: PS/2 Controller [PNP0303:PS2K,PNP0f03:PS2M] at 0x60,0x64 irq 1,12
[    1.030759] serio: i8042 KBD port at 0x60,0x64 irq 1
[    1.031537] serio: i8042 AUX port at 0x60,0x64 irq 12
[    1.032444] mousedev: PS/2 mouse device common for all mice
[    1.033676] rtc_cmos rtc_cmos: rtc core: registered rtc_cmos as rtc0
[    1.035317] rtc_cmos rtc_cmos: alarms up to one day, 114 bytes nvram
[    1.036380] i2c /dev entries driver
[    1.037095] input: AT Translated Set 2 keyboard as /devices/platform/i8042/serio0/input/input2
[    1.038613] device-mapper: uevent: version 1.0.3
[    1.039410] device-mapper: ioctl: 4.34.0-ioctl (2015-10-28) initialised: dm-devel@redhat.com
[    1.041066] ledtrig-cpu: registered to indicate activity on CPUs
[    1.043931] NET: Registered protocol family 10
[    1.045000] NET: Registered protocol family 17
[    1.045885] Key type dns_resolver registered
[    1.047047] registered taskstats version 1
[    1.047885] Loading compiled-in X.509 certificates
[    1.049645] Loaded X.509 cert 'Build time autogenerated kernel key: d03773f65dd2b75b701d4dd50cb1e8d0c07b3b6e'
[    1.051833] zswap: loaded using pool lzo/zbud
[    1.054570] Key type trusted registered
[    1.069728] Key type encrypted registered
[    1.070567] AppArmor: AppArmor sha1 policy hashing enabled
[    1.071567] ima: No TPM chip found, activating TPM-bypass!
[    1.072623] ima: Allocated hash algorithm: sha1
[    1.073515] evm: HMAC attrs: 0x1
[    1.074714]   Magic number: 15:409:980
[    1.075589] rtc_cmos rtc_cmos: setting system clock to 2019-12-13 09:59:14 UTC (1576231154)
[    1.084077] BIOS EDD facility v0.16 2004-Jun-25, 0 devices found
[    1.085425] EDD information not available.
[    1.172839] Freeing unused kernel memory: 1484K
[    1.177944] Write protecting the kernel read-only data: 14336k
[    1.184858] Freeing unused kernel memory: 1620K
[    1.190850] Freeing unused kernel memory: 88K
Loading, please wait...
starting version 229
[    1.261220] random: systemd-udevd: uninitialized urandom read (16 bytes read, 3 bits of entropy available)
[    1.262338] random: udevadm: uninitialized urandom read (16 bytes read, 3 bits of entropy available)
[    1.262367] random: udevadm: uninitialized urandom read (16 bytes read, 3 bits of entropy available)
[    1.274768] random: udevadm: uninitialized urandom read (16 bytes read, 3 bits of entropy available)
[    1.274822] random: udevadm: uninitialized urandom read (16 bytes read, 3 bits of entropy available)
[    1.274994] random: udevadm: uninitialized urandom read (16 bytes read, 3 bits of entropy available)
[    1.275059] random: udevadm: uninitialized urandom read (16 bytes read, 3 bits of entropy available)
[    1.275121] random: udevadm: uninitialized urandom read (16 bytes read, 3 bits of entropy available)
[    1.275182] random: udevadm: uninitialized urandom read (16 bytes read, 3 bits of entropy available)
[    1.275242] random: udevadm: uninitialized urandom read (16 bytes read, 3 bits of entropy available)
[    1.340196] e1000: Intel(R) PRO/1000 Network Driver - version 7.3.21-k8-NAPI
[    1.341436] e1000: Copyright (c) 1999-2006 Intel Corporation.
[    1.342422] Fusion MPT base driver 3.04.20
[    1.343251] Copyright (c) 1999-2008 LSI Corporation
[    1.421861] Fusion MPT SPI Host driver 3.04.20
[    1.422824] AVX2 version of gcm_enc/dec engaged.
[    1.423699] AES CTR mode by8 optimization enabled
[    1.588931] input: ImExPS/2 Generic Explorer Mouse as /devices/platform/i8042/serio1/input/input4
[    1.767894] e1000 0000:00:03.0 eth0: (PCI:33MHz:32-bit) 02:30:52:25:60:69
[    1.781227] e1000 0000:00:03.0 eth0: Intel(R) PRO/1000 Network Connection
[    1.783852] mptbase: ioc0: Initiating bringup
[    1.848770] ioc0: LSI53C1030 A0: Capabilities={Initiator}
[    1.923756] tsc: Refined TSC clocksource calibration: 2208.970 MHz
[    1.924609] clocksource: tsc: mask: 0xffffffffffffffff max_cycles: 0x1fd74c86c9e, max_idle_ns: 440795249124 ns
[    2.020930] scsi host2: ioc0: LSI53C1030 A0, FwRev=00000000h, Ports=1, MaxQ=256, IRQ=20
[    2.132245] scsi 2:0:0:0: Direct-Access     VBOX     HARDDISK         1.0  PQ: 0 ANSI: 5
[    2.137641] scsi target2:0:0: Beginning Domain Validation
[    2.140907] scsi target2:0:0: Domain Validation skipping write tests
[    2.150640] scsi target2:0:0: Ending Domain Validation
[    2.160046] scsi target2:0:0: asynchronous
[    2.163825] scsi 2:0:1:0: Direct-Access     VBOX     HARDDISK         1.0  PQ: 0 ANSI: 5
[    2.165628] scsi target2:0:1: Beginning Domain Validation
[    2.168678] scsi target2:0:1: Domain Validation skipping write tests
[    2.171118] scsi target2:0:1: Ending Domain Validation
[    2.172462] scsi target2:0:1: asynchronous
[    2.201413] sd 2:0:0:0: Attached scsi generic sg0 type 0
[    2.202470] sd 2:0:0:0: [sda] 20971520 512-byte logical blocks: (10.7 GB/10.0 GiB)
[    2.204578] sd 2:0:1:0: [sdb] 20480 512-byte logical blocks: (10.5 MB/10.0 MiB)
[    2.206382] sd 2:0:1:0: Attached scsi generic sg1 type 0
[    2.207573] sd 2:0:1:0: [sdb] Write Protect is off
[    2.208580] sd 2:0:0:0: [sda] Write Protect is off
[    2.209751] sd 2:0:0:0: [sda] Incomplete mode parameter data
[    2.217895] sd 2:0:0:0: [sda] Assuming drive cache: write through
[    2.219312] sd 2:0:1:0: [sdb] Incomplete mode parameter data
[    2.220537] sd 2:0:1:0: [sdb] Assuming drive cache: write through
[    2.230881] sd 2:0:1:0: [sdb] Attached SCSI disk
[    2.231896]  sda: sda1
[    2.233068] sd 2:0:0:0: [sda] Attached SCSI disk
[    2.544103] e1000 0000:00:08.0 eth1: (PCI:33MHz:32-bit) 08:00:27:cb:2f:87
[    2.545279] e1000 0000:00:08.0 eth1: Intel(R) PRO/1000 Network Connection
[    2.547209] e1000 0000:00:03.0 enp0s3: renamed from eth0
[    2.568946] e1000 0000:00:08.0 enp0s8: renamed from eth1
Begin: Loading essential drivers ... [    4.059387] md: linear personality registered for level -1
[    4.062244] md: multipath personality registered for level -4
[    4.069167] md: raid0 personality registered for level 0
[    4.073602] md: raid1 personality registered for level 1
[    4.143711] raid6: sse2x1   gen()  6914 MB/s
[    4.211708] raid6: sse2x1   xor()  5754 MB/s
[    4.279715] raid6: sse2x2   gen()  9518 MB/s
[    4.347710] raid6: sse2x2   xor()  6463 MB/s
[    4.415713] raid6: sse2x4   gen() 10424 MB/s
[    4.483728] raid6: sse2x4   xor()  7296 MB/s
[    4.551723] raid6: avx2x1   gen() 15658 MB/s
[    4.619720] raid6: avx2x2   gen() 17829 MB/s
[    4.687723] raid6: avx2x4   gen() 19487 MB/s
[    4.688580] raid6: using algorithm avx2x4 gen() 19487 MB/s
[    4.689557] raid6: using avx2x2 recovery algorithm
[    4.702587] xor: automatically using best checksumming function:
[    4.769990]    avx       : 54136.000 MB/sec
[    4.772874] async_tx: api initialized (async)
[    4.781510] md: raid6 personality registered for level 6
[    4.782457] md: raid5 personality registered for level 5
[    4.783393] md: raid4 personality registered for level 4
[    4.790025] md: raid10 personality registered for level 10
done.
Begin: Running /scripts/init-premount ... done.
Begin: Mounting root file system ... Begin: Running /scripts/local-top ... done.
Begin: Running /scripts/local-premount ... [    4.834809] Btrfs loaded
Scanning for Btrfs filesystems
done.
Warning: fsck not present, so skipping root file system
[    4.884175] EXT4-fs (sda1): mounted filesystem with ordered data mode. Opts: (null)
done.
Begin: Running /scripts/local-bottom ... done.
Begin: Running /scripts/init-bottom ... done.
[    5.061493] systemd[1]: systemd 229 running in system mode. (+PAM +AUDIT +SELINUX +IMA +APPARMOR +SMACK +SYSVINIT +UTMP +LIBCRYPTSETUP +GCRYPT +GNUTLS +ACL +XZ -LZ4 +SECCOMP +BLKID +ELFUTILS +KMOD -IDN)
[    5.064512] systemd[1]: Detected virtualization oracle.
[    5.065480] systemd[1]: Detected architecture x86-64.

Welcome to [1mUbuntu 16.04.6 LTS[0m!

[    5.080420] systemd[1]: Set hostname to <ubuntu>.
[    5.084867] systemd[1]: Initializing machine ID from random generator.
[    5.086062] systemd[1]: Installed transient /etc/machine-id file.
[    5.330700] systemd[1]: Listening on udev Kernel Socket.
[[0;32m  OK  [0m] Listening on udev Kernel Socket.
[    5.332396] systemd[1]: Started Forward Password Requests to Wall Directory Watch.
[[0;32m  OK  [0m] Started Forward Password Requests to Wall Directory Watch.
[    5.334891] systemd[1]: Listening on LVM2 poll daemon socket.
[[0;32m  OK  [0m] Listening on LVM2 poll daemon socket.
[    5.336863] systemd[1]: Reached target Swap.
[[0;32m  OK  [0m] Reached target Swap.
[    5.338596] systemd[1]: Set up automount Arbitrary Executable File Formats File System Automount Point.
[[0;32m  OK  [0m] Set up automount Arbitrary Executab...ats File System Automount Point.
[    5.341831] systemd[1]: Created slice User and Session Slice.
[[0;32m  OK  [0m] Created slice User and Session Slice.
[    5.343819] systemd[1]: Listening on Journal Socket (/dev/log).
[[0;32m  OK  [0m] Listening on Journal Socket (/dev/log).
[    5.345832] systemd[1]: Listening on LVM2 metadata daemon socket.
[[0;32m  OK  [0m] Listening on LVM2 metadata daemon socket.
[    5.349063] systemd[1]: Listening on Syslog Socket.
[[0;32m  OK  [0m] Listening on Syslog Socket.
[    5.351409] systemd[1]: Created slice System Slice.
[[0;32m  OK  [0m] Created slice System Slice.
[    5.353476] systemd[1]: Created slice system-serial\x2dgetty.slice.
[[0;32m  OK  [0m] Created slice system-serial\x2dgetty.slice.
[    5.355552] systemd[1]: Listening on udev Control Socket.
[[0;32m  OK  [0m] Listening on udev Control Socket.
[    5.357470] systemd[1]: Listening on /dev/initctl Compatibility Named Pipe.
[[0;32m  OK  [0m] Listening on /dev/initctl Compatibility Named Pipe.
[    5.359816] systemd[1]: Started Trigger resolvconf update for networkd DNS.
[[0;32m  OK  [0m] Started Trigger resolvconf update for networkd DNS.
[    5.362028] systemd[1]: Reached target Encrypted Volumes.
[[0;32m  OK  [0m] Reached target Encrypted Volumes.
[    5.364060] systemd[1]: Listening on Journal Audit Socket.
[[0;32m  OK  [0m] Listening on Journal Audit Socket.
[    5.365976] systemd[1]: Listening on Journal Socket.
[[0;32m  OK  [0m] Listening on Journal Socket.
[    5.395916] systemd[1]: Starting Nameserver information manager...
         Starting Nameserver information manager...
[    5.398308] systemd[1]: Mounting Huge Pages File System...
         Mounting Huge Pages File System...
[    5.402770] systemd[1]: Starting Load Kernel Modules...
         Starting Load Kernel Modules...
[    5.405242] systemd[1]: Starting Set console keymap...
         Starting Set console keymap...
[    5.407949] systemd[1]: Mounting POSIX Message Queue File System...
         Mounting POSIX Message Queue File System...
[    5.414166] Loading iSCSI transport class v2.0-870.
[    5.418475] systemd[1]: Starting Journal Service...
         Starting Journal Service...
[    5.421712] systemd[1]: Mounting Debug File System...
         Mounting Debug File System...
[    5.425091] systemd[1]: Starting Uncomplicated firewall...
         Starting Uncomplicated firewall...
[    5.429244] systemd[1]: Starting Remount Root and Kernel File Systems...
         Starting Remount Root and Kernel File Systems...
[    5.436791] systemd[1]: Starting Create list of required static device nodes for the current kernel...
         Startin[    5.441123] EXT4-fs (sda1): re-mounted. Opts: (null)
g Create list of required st... nodes for the current kernel...
[    5.444401] systemd[1]: Reached target User and Group Name Lookups.
[[0;32m  OK  [0m] Reached target User and Group Name Lookups.
[    5.447755] systemd[1]: Listening on Device-mapper event daemon FIFOs.
[[0;32m  OK  [0m] Listening on Device-mapper event daemon FIFOs.
[    5.454663] iscsi: registered transport (tcp)
[    5.472032] systemd[1]: Starting Monitoring of LVM2 mirrors, snapshots etc. using dmeventd or progress polling...
         Starting Monitoring of LVM2 mirrors... dmeventd or progress polling...
[    5.477733] systemd[1]: Reached target Slices.
[[0;32m  OK  [0m] Reached target Slices.
[    5.479946] systemd[1]: Reached target System Time Synchronized.
[[0;32m  OK  [0m] Reached target System Time Synchronized.
[    5.483596] systemd[1]: Mounted POSIX Message Queue File System.
[[0;32m  OK  [0m] Mounted POSIX Message Queue File System.
[    5.496470] systemd[1]: Mounted Debug File System.
[[0;32m  OK  [0m] Mounted Debug File System.
[    5.498504] systemd[1]: Mounted Huge Pages File System.
[[0;32m  OK  [0m] Mounted Huge Pages File System.
[    5.502381] systemd[1]: Started Journal Service.
[[0;32m  OK  [0m] Started Journal Service.
[[0;32m  OK  [0m] Started Set console keymap.
[[0;32m  OK  [0m] Started Uncomplicated firewall.
[[0;32m  OK  [0m] Started Remount Root and Kernel File Systems.
[[0;32m  OK  [0m] Started Create list of required sta...ce nodes for the current kernel.
[[0;32m  OK  [0m] Started Nameserver information manager.
[    5.564474] iscsi: registered transport (iser)
[[0;32m  OK  [0m] Started Load Kernel Modules.
         Mounting FUSE Control File System...
         Starting Apply Kernel Variables...
[    5.642323] random: nonblocking pool is initialized
[[0;32m  OK  [0m] Started LVM2 metadata daemon.
         Starting Create Static Device Nodes in /dev...
         Starting udev Coldplug all Devices...
         Starting Load/Save Random Seed...
         Starting Flush Journal to Persistent Storage...
[[0;32m  OK  [0m] Mounted FUSE Control File System.
[[0;32m  OK  [0m] Started Apply Kernel Variables.
[[0;32m  OK  [0m] Started Load/Save Random Seed.
[[0;32m  OK  [0m] Started Create Static Device Nodes in /dev.
         Starting udev Kernel Device Manager...
[[0;32m  OK  [0m] Started Flush Journal to Persistent Storage.
[[0;32m  OK  [0m] Started udev Coldplug all Devices.
[[0;32m  OK  [0m] Started udev Kernel Device Manager.
[[0;32m  OK  [0m] Started Dispatch Password Requests to Console Directory Watch.
[[0;32m  OK  [0m] Started Monitoring of LVM2 mirrors,...ng dmeventd or progress polling.
[[0;32m  OK  [0m] Reached target Local File Systems (Pre).
[[0;32m  OK  [0m] Reached target Local File Systems.
         Starting LSB: AppArmor initialization...
         Starting Create Volatile Files and Directories...
         Starting Commit a transient machine-id on disk...
         Starting Initial cloud-init job (pre-networking)...
         Starting Tell Plymouth To Write Out Runtime Data...
         Starting Set console font and keymap...
[[0;32m  OK  [0m] Started Tell Plymouth To Write Out Runtime Data.
[[0;32m  OK  [0m] Started Create Volatile Files and Directories.
         Starting Update UTMP about System Boot/Shutdown...
[[0;32m  OK  [0m] Started Commit a transient machine-id on disk.
[[0;32m  OK  [0m] Started Update UTMP about System Boot/Shutdown.
[[0;32m  OK  [0m] Found device /dev/ttyS0.
[[0;32m  OK  [0m] Listening on Load/Save RF Kill Switch Status /dev/rfkill Watch.
[[0;32m  OK  [0m] Started Set console font and keymap.
[[0;32m  OK  [0m] Created slice system-getty.slice.
[    7.188293] cloud-init[495]: Cloud-init v. 18.5-45-g3554ffe8-0ubuntu1~16.04.1 running 'init-local' at Fri, 13 Dec 2019 09:59:20 +0000. Up 6.67 seconds.
[[0;32m  OK  [0m] Started LSB: AppArmor initialization.
[[0;32m  OK  [0m] Started Initial cloud-init job (pre-networking).
[[0;32m  OK  [0m] Reached target Network (Pre).
         Starting Raise network interfaces...
[[0;32m  OK  [0m] Started Raise network interfaces.
[[0;32m  OK  [0m] Reached target Network.
         Starting Initial cloud-init job (metadata service crawler)...
[    8.830362] cloud-init[962]: Cloud-init v. 18.5-45-g3554ffe8-0ubuntu1~16.04.1 running 'init' at Fri, 13 Dec 2019 09:59:21 +0000. Up 8.00 seconds.
[    8.831739] cloud-init[962]: ci-info: ++++++++++++++++++++++++++++++++++++++Net device info+++++++++++++++++++++++++++++++++++++++
[    8.833002] cloud-init[962]: ci-info: +--------+-------+----------------------------+---------------+--------+-------------------+
[    8.844369] cloud-init[962]: ci-info: | Device |   Up  |          Address           |      Mask     | Scope  |     Hw-Address    |
[    8.874530] cloud-init[962]: ci-info: +--------+-------+----------------------------+---------------+--------+-------------------+
[    8.885085] cloud-init[962]: ci-info: | enp0s3 |  True |         10.0.2.15          | 255.255.255.0 | global | 02:30:52:25:60:69 |
[    8.886355] cloud-init[962]: ci-info: | enp0s3 |  True | fe80::30:52ff:fe25:6069/64 |       .       |  link  | 02:30:52:25:60:69 |
[    8.887577] cloud-init[962]: ci-info: | enp0s8 | False |             .              |       .       |   .    | 08:00:27:cb:2f:87 |
[    8.888977] cloud-init[962]: ci-info: |   lo   |  True |         127.0.0.1          |   255.0.0.0   |  host  |         .         |
[    8.890391] cloud-init[962]: ci-info: |   lo   |  True |          ::1/128           |       .       |  host  |         .         |
[    8.892126] cloud-init[962]: ci-info: +--------+-------+----------------------------+---------------+--------+-------------------+
[    8.893924] cloud-init[962]: ci-info: +++++++++++++++++++++++++++Route IPv4 info++++++++++++++++++++++++++++
[    8.895253] cloud-init[962]: ci-info: +-------+-------------+----------+---------------+-----------+-------+
[    8.896456] cloud-init[962]: ci-info: | Route | Destination | Gateway  |    Genmask    | Interface | Flags |
[    8.897609] cloud-init[962]: ci-info: +-------+-------------+----------+---------------+-----------+-------+
[    8.898744] cloud-init[962]: ci-info: |   0   |   0.0.0.0   | 10.0.2.2 |    0.0.0.0    |   enp0s3  |   UG  |
[    8.899886] cloud-init[962]: ci-info: |   1   |   10.0.2.0  | 0.0.0.0  | 255.255.255.0 |   enp0s3  |   U   |
[    8.901107] cloud-init[962]: ci-info: +-------+-------------+----------+---------------+-----------+-------+
[    8.912515] cloud-init[962]: ci-info: +++++++++++++++++++Route IPv6 info+++++++++++++++++++
[    8.913675] cloud-init[962]: ci-info: +-------+-------------+---------+-----------+-------+
[    8.914811] cloud-init[962]: ci-info: | Route | Destination | Gateway | Interface | Flags |
[    8.924449] cloud-init[962]: ci-info: +-------+-------------+---------+-----------+-------+
[    8.925631] cloud-init[962]: ci-info: |   0   |  fe80::/64  |    ::   |   enp0s3  |   U   |
[    8.926800] cloud-init[962]: ci-info: |   3   |   ff00::/8  |    ::   |   enp0s3  |   U   |
[    8.929193] cloud-init[962]: ci-info: +-------+-------------+---------+-----------+-------+
[    8.930329] cloud-init[962]: Generating public/private rsa key pair.
[    8.931255] cloud-init[962]: Your identification has been saved in /etc/ssh/ssh_host_rsa_key.
[[0;32m  OK  [0m] Started Initial cloud-init job (metadata service crawler).
[[0;32m  OK  [0m] Reached target Network is Online.
[    8.932407] cloud-init[962]: Your public key has been saved in /etc/ssh/ssh_host_rsa_key.pub.
[    8.945071] cloud-init[962]: The key fingerprint is:
[    8.945856] cloud-init[962]: SHA256:tnyfMhBkOWUcZAV02Q/Cp0OvMcvCLZvL1EJ2p+VS9yU root@ubuntu-xenial
[    8.946970] cloud-init[962]: The key's randomart image is:
[    8.947756] cloud-init[962]: +---[RSA 2048]----+
[    8.948485] cloud-init[962]: |         *O=oo   |
[    8.949197] cloud-init[962]: |        =o..= +  |
[    8.949905] cloud-init[962]: |       o . . = o |
[    8.950607] cloud-init[962]: |        .   = . .|
[    8.951314] cloud-init[962]: |        Sooo.*E o|
         Starting iSCSI initiator daemon (iscsid)...
[[0;32m  OK  [0m] Reached target Cloud-config availability.
[[0;32m  OK  [0m] Reached target System Initialization.
[[0;32m  OK  [0m] Listening on UUID daemon activation socket.
         Starting Socket activation for snappy daemon.
[[0;32m  OK  [0m] Listening on D-Bus System Message Bus Socket.
[    8.952023] cloud-init[962]: |       o.++o=* oo|
[    8.960166]          Starting LXD - unix socket.
cloud-init[962]: |        o.+=+ . .|
[    8.962329] [[0;32m  OK  [0m] Started ACPI Events Check.
[[0;32m  OK  [0m] Reached target Paths.
[[0;32m  OK  [0m] Started Daily apt download activities.
[[0;32m  OK  [0m] Started Daily Cleanup of Temporary Directories.
[[0;32m  OK  [0m] Listening on ACPID Listen Socket.
[[0;32m  OK  [0m] Started Daily apt upgrade and clean activities.
[[0;32m  OK  [0m] Reached target Timers.
cloud-init[962]: |         +=o o   |
[[0;32m  OK  [0m] Listening on Socket activation for snappy daemon.
[    8.966559] cloud-init[962]: |          o+o    |
[    8.967371] [[0;32m  OK  [0m] Listening on LXD - unix socket.
cloud-init[962]: +----[SHA256]-----+
[    8.968765] cloud-init[962]: Generating public/private dsa key pair.
[    8.969629] cloud-init[962]: [[0;32m  OK  [0m] Reached target Sockets.
[[0;32m  OK  [0m] Reached target Basic System.
Your identification has been saved in /etc/ssh/ssh_host_dsa_key.         Starting LSB: MD monitoring daemon...

[    8.971913] cloud-init[962]: Your public key has been saved in /etc/ssh/ssh_host_dsa_key.pub.
[[0;32m  OK  [0m] Started FUSE filesystem for LXC.
[    8.984261] cloud-init[962]: The key fingerprint is:
[[0;32m  OK  [0m] Started Regular background program processing daemon.
         Starting LSB: Record successful boot for GRUB...
[[0;32m  OK  [0m] Started Unattended Upgrades Shutdown.
         Starting System Logging Service...
         Starting Accounts Service...
         Starting Virtualbox guest utils...
         Starting /etc/rc.local Compatibility...
[[0;32m  OK  [0m] Started Deferred execution scheduler.
[    8.986110] cloud-init[962]: SHA256:eAITGXxKzCgeAba8OAu/84iwgkV1Z1jFLQQGcQnAWWA root@ubuntu-xenial
[    9.016779] [[0;32m  OK  [0m] Started ACPI event daemon.
cloud-init[962]: The key's randomart image is:         Starting LXD - container startup/shutdown...
         Starting Login Service...
         Starting Pollinate to seed the pseudo random number generator...
[[0;32m  OK  [0m] Started D-Bus System Message Bus.

[    9.031129] cloud-init[962]: +---[DSA 1024]----+
[    9.034553] cloud-init[962]: |oo.*EB=*=*o.     |
[    9.035397] cloud-init[962]: |+.o.X.+o+ o .    |
[    9.036896] cloud-init[962]: |.+.oo+ o   .     |
[    9.037838] cloud-init[962]: |..o .o .         |
[    9.038921] cloud-init[962]: |+o    o S        |
[    9.039769] cloud-init[962]: |.+.    o         |
[    9.041199] cloud-init[962]: |+..              |
[    9.045292] cloud-init[962]: |+o.o             |
[    9.052953] cloud-init[962]: |+ oo.            |
[    9.065187] cloud-init[962]: +----[SHA256]-----+
[    9.069134] cloud-init[962]: Generating public/private ecdsa key pair.
[    9.070176] cloud-init[962]: Your identification has been saved in /etc/ssh/ssh_host_ecdsa_key.
[    9.071771] cloud-init[962]: Your public key has been saved in /etc/ssh/ssh_host_ecdsa_key.pub.
[    9.073427] cloud-init[962]: The key fingerprint is:
[    9.074628] cloud-init[962]: SHA256:FEvtxb5DrePFoeaOL5lIN7VrYy9uxJw7kd5NsCsn75I root@ubuntu-xenial
[    9.077326] cloud-init[962]: The key's randomart image is:
[    9.079955] cloud-init[962]: +---[ECDSA 256]---+
[    9.092859] cloud-init[962]: |        o. .     |
[    9.100254] cloud-init[962]: |       . o. o    |
[    9.101103] cloud-init[962]: |        o. o .   |
[    9.102176] cloud-init[962]: |       .  . + +  |
[    9.103155] cloud-init[962]: |        S  = O + |
[    9.104055] cloud-init[962]: |        . o / + .|
[    9.104976] cloud-init[962]: |       . o X X + |
[    9.105707] cloud-init[962]: |        . +.E + .|
[    9.106463] cloud-init[962]: |          .O+%+  |
[    9.107258] cloud-init[962]: +----[SHA256]-----+
[    9.107950] cloud-init[962]: Generating public/private ed25519 key pair.
[    9.109198] cloud-init[962]: Your identification has been saved in /etc/ssh/ssh_host_ed25519_key.
[    9.110520] cloud-init[962]: Your public key has been saved in /etc/ssh/ssh_host_ed25519_key.pub.
[    9.112351] cloud-init[962]: The key fingerprint is:
[    9.115216] cloud-init[962]: SHA256:jI2cxxfEy+t0UlaW5vUbUGOGuFsOkMlW49OZHIjgWEI root@ubuntu-xenial
[    9.116701] cloud-init[962]: The key's randomart image is:
[    9.117993] cloud-init[962]: +--[ED25519 256]--+
[    9.118973] cloud-init[962]: |    .E oo.*oo.o* |
[    9.119908] cloud-init[962]: |      =  Ooo+o@ o|
         Starting Snappy daemon...
[[0;32m  OK  [0m] Started System Logging Service.
[[0;32m  OK  [0m] Started /etc/rc.local Compatibility.
[    9.162268] cloud-init[962]: |     . ...o+.X...|
[    9.163520] cloud-init[962]: |     . B  o++....|
[    9.164403] cloud-init[962]: |      = S .+=   o|
[    9.165236] cloud-init[962]: |       . .+... . |
[    9.173787] cloud-init[962]: |         o o     |
[    9.207450] cloud-init[962]: |          .      |
[    9.216298] cloud-init[962]: |                 |
[    9.217012] cloud-init[962]: +----[SHA256]-----+
[[0;32m  OK  [0m] Started iSCSI initiator daemon (iscsid).
[[0;32m  OK  [0m] Started LSB: MD monitoring daemon.
[[0;32m  OK  [0m] Started Login Service.
         Starting Authenticate and Authorize Users to Run Privileged Tasks...
         Starting Login to default iSCSI targets...
[[0;32m  OK  [0m] Started LSB: Record successful boot for GRUB.
[[0;32m  OK  [0m] Started Login to default iSCSI targets.
[[0;32m  OK  [0m] Started Authenticate and Authorize Users to Run Privileged Tasks.
[[0;32m  OK  [0m] Started Accounts Service.
[[0;32m  OK  [0m] Reached target Remote File Systems (Pre).
[[0;32m  OK  [0m] Reached target Remote File Systems.
         Starting LSB: automatic crash report generation...
         Starting Permit User Sessions...
         Starting LSB: daemon to balance interrupts for SMP systems...
         Starting LSB: Set the CPU Frequency Scaling governor to "ondemand"...
[[0;32m  OK  [0m] Started Permit User Sessions.
         Starting Terminate Plymouth Boot Screen...
         Starting Hold until boot process finishes up...
[[0;32m  OK  [0m] Started Terminate Plymouth Boot Screen.
[[0;32m  OK  [0m] Started Hold until boot process finishes up.
[[0;32m  OK  [0m] Started Virtualbox guest utils.
[[0;32m  OK  [0m] Started LSB: Set the CPU Frequency Scaling governor to "ondemand".
[[0;32m  OK  [0m] Started Getty on tty1.
[[0;32m  OK  [0m] Started Serial Getty on ttyS0.
[[0;32m  OK  [0m] Reached target Login Prompts.
         Starting Set console scheme...
[[0;32m  OK  [0m] Started LXD - container startup/shutdown.
[[0;32m  OK  [0m] Started LSB: automatic crash report generation.
[[0;32m  OK  [0m] Started LSB: daemon to balance interrupts for SMP systems.
[[0;32m  OK  [0m] Started Set console scheme.
[[0;32m  OK  [0m] Started Pollinate to seed the pseudo random number generator.
         Starting OpenBSD Secure Shell server...
[[0;32m  OK  [0m] Started OpenBSD Secure Shell server.
[[0;32m  OK  [0m] Started Snappy daemon.
         Starting Wait until snapd is fully seeded...
[[0;32m  OK  [0m] Started Wait until snapd is fully seeded.
[[0;32m  OK  [0m] Reached target Multi-User System.
[[0;32m  OK  [0m] Reached target Graphical Interface.
         Starting Update UTMP about System Runlevel Changes...
         Starting Apply the settings specified in cloud-config...
[[0;32m  OK  [0m] Started Update UTMP about System Runlevel Changes.
[   11.288824] cloud-init[1296]: Generating locales (this might take a while)...
[   12.105695] cloud-init[1296]:   en_US.UTF-8... done
[   12.106607] cloud-init[1296]: Generation complete.
[[0;32m  OK  [0m] Created slice User Slice of vagrant.
[   12.655765] cloud-init[1296]: Cloud-init v. 18.5-45-g3554ffe8-0ubuntu1~16.04.1 running 'modules:config' at Fri, 13 Dec 2019 09:59:24 +0000. Up 11.15 seconds.
         Starting User Manager for UID 1000...
[[0;32m  OK  [0m] Started Session 1 of user vagrant.
[[0;32m  OK  [0m] Started Apply the settings specified in cloud-config.
         Starting Execute cloud user/final scripts...
[[0;32m  OK  [0m] Started User Manager for UID 1000.
ci-info: no authorized ssh keys fingerprints found for user ubuntu.
<14>Dec 13 09:59:27 ec2: 
<14>Dec 13 09:59:27 ec2: #############################################################
<14>Dec 13 09:59:27 ec2: -----BEGIN SSH HOST KEY FINGERPRINTS-----
<14>Dec 13 09:59:27 ec2: 1024 SHA256:eAITGXxKzCgeAba8OAu/84iwgkV1Z1jFLQQGcQnAWWA root@ubuntu-xenial (DSA)
<14>Dec 13 09:59:27 ec2: 256 SHA256:FEvtxb5DrePFoeaOL5lIN7VrYy9uxJw7kd5NsCsn75I root@ubuntu-xenial (ECDSA)
<14>Dec 13 09:59:27 ec2: 256 SHA256:jI2cxxfEy+t0UlaW5vUbUGOGuFsOkMlW49OZHIjgWEI root@ubuntu-xenial (ED25519)
<14>Dec 13 09:59:27 ec2: 2048 SHA256:tnyfMhBkOWUcZAV02Q/Cp0OvMcvCLZvL1EJ2p+VS9yU root@ubuntu-xenial (RSA)
<14>Dec 13 09:59:27 ec2: -----END SSH HOST KEY FINGERPRINTS-----
<14>Dec 13 09:59:27 ec2: #############################################################
-----BEGIN SSH HOST KEY KEYS-----
ecdsa-sha2-nistp256 AAAAE2VjZHNhLXNoYTItbmlzdHAyNTYAAAAIbmlzdHAyNTYAAABBBG0anNHR5Pv+gSFq6eJjnUySKCFitKiB1+/1R/+FM5JjIEfBIJxpGK4Rp8qYbocgudwzouv+Y52k6pmNtxdySVs= root@ubuntu-xenial
ssh-ed25519 AAAAC3NzaC1lZDI1NTE5AAAAIPQ0j/nhw4+6sZXh+k27HL1qSE3px7GhRieeJ5kr7gWu root@ubuntu-xenial
ssh-rsa AAAAB3NzaC1yc2EAAAADAQABAAABAQDBO3jem1D+6gSMs7ObBDAWe6PUduJHF/Uik41SkXf5vPO8FNqh9TEq6hK6ZkyJ6hlI5Nj8cWdmfQcXc0swYYRbjskPlKe76p1QRTiIFzVT54KbRQukUh/Pg4n23mnTPerbooSm6S0CREaVzh1VavCdVhwnxbUkMdHrbBFhu7439N2H9fB8zrvuwPhRuED6H0wMMVKX5YV/kdesIXGMKkdIedUHR3wTyoj4eq1LYYXHv3O3CUKPVBHdaMbrF1Bs8FcagnoO2yhSWpZ6JDuEgtrhXHjykOZnF74LVwlT2VNtRyOiyXFfD1yF9sKUb9AIIDbKfnnBgZu/qIOci3aX7ag7 root@ubuntu-xenial
-----END SSH HOST KEY KEYS-----
[   13.365788] cloud-init[1346]: Cloud-init v. 18.5-45-g3554ffe8-0ubuntu1~16.04.1 running 'modules:final' at Fri, 13 Dec 2019 09:59:26 +0000. Up 13.09 seconds.
[   13.367530] cloud-init[1346]: ci-info: no authorized ssh keys fingerprints found for user ubuntu.
[   13.368839] cloud-init[1346]: Cloud-init v. 18.5-45-g3554ffe8-0ubuntu1~16.04.1 finished at Fri, 13 Dec 2019 09:59:27 +0000. Datasource DataSourceNoCloud [seed=/dev/sdb][dsmode=net].  Up 13.35 seconds
[[0;32m  OK  [0m] Started Execute cloud user/final scripts.
[[0;32m  OK  [0m] Reached target Cloud-init target.

Ubuntu 16.04.6 LTS ubuntu-xenial ttyS0

ubuntu-xenial login: [  400.478208] e1000 0000:00:03.0 enp0s3: Detected Tx Unit Hang
[  400.478208]   Tx Queue             <0>
[  400.478208]   TDH                  <3a>
[  400.478208]   TDT                  <3c>
[  400.478208]   next_to_use          <3c>
[  400.478208]   next_to_clean        <3a>
[  400.478208] buffer_info[next_to_clean]
[  400.478208]   time_stamp           <100005e52>
[  400.478208]   next_to_watch        <3b>
[  400.478208]   jiffies              <1000061f8>
[  400.478208]   next_to_watch.status <0>
[  402.509094] e1000 0000:00:03.0 enp0s3: Detected Tx Unit Hang
[  402.509094]   Tx Queue             <0>
[  402.509094]   TDH                  <3a>
[  402.509094]   TDT                  <3c>
[  402.509094]   next_to_use          <3c>
[  402.509094]   next_to_clean        <3a>
[  402.509094] buffer_info[next_to_clean]
[  402.509094]   time_stamp           <100005e52>
[  402.509094]   next_to_watch        <3b>
[  402.509094]   jiffies              <1000063f4>
[  402.509094]   next_to_watch.status <0>
[  402.972473] e1000 0000:00:03.0 enp0s3: Reset adapter
